// Jest Snapshot v1, https://goo.gl/fbAQLP

exports[`example of debug use 1`] = `
ShallowWrapper {
  "length": 1,
  Symbol(enzyme.__root__): [Circular],
  Symbol(enzyme.__unrendered__): <Home />,
  Symbol(enzyme.__renderer__): Object {
    "batchedUpdates": [Function],
    "getNode": [Function],
    "render": [Function],
    "simulateEvent": [Function],
    "unmount": [Function],
  },
  Symbol(enzyme.__node__): Object {
    "instance": null,
    "key": undefined,
    "nodeType": "host",
    "props": Object {
      "children": Array [
        <Header
          showSearch={false}
        />,
        <Menu />,
        <main
          className="content"
        >
          <article>
            <h1>
              Home
            </h1>
            <img
              alt=""
              src="test-file-stub"
            />
          </article>
          <img
            alt="Felix"
            src="test-file-stub"
            width="200"
          />
        </main>,
        <aside
          className="sidebar-rigth"
        >
          <p>
            <span
              className="bt_nav"
            >
              <Link
                replace={false}
                to="/"
              >
                Home Items
              </Link>
            </span>
          </p>
        </aside>,
        <footer
          className="footer"
        >
          <p
            className="footer-text"
          >
            ...
          </p>
        </footer>,
      ],
      "className": "grid",
    },
    "ref": null,
    "rendered": Array [
      Object {
        "instance": null,
        "key": undefined,
        "nodeType": "function",
        "props": Object {
          "showSearch": false,
        },
        "ref": null,
        "rendered": null,
        "type": [Function],
      },
      Object {
        "instance": null,
        "key": undefined,
        "nodeType": "function",
        "props": Object {},
        "ref": null,
        "rendered": null,
        "type": [Function],
      },
      Object {
        "instance": null,
        "key": undefined,
        "nodeType": "host",
        "props": Object {
          "children": Array [
            <article>
              <h1>
                Home
              </h1>
              <img
                alt=""
                src="test-file-stub"
              />
            </article>,
            <img
              alt="Felix"
              src="test-file-stub"
              width="200"
            />,
          ],
          "className": "content",
        },
        "ref": null,
        "rendered": Array [
          Object {
            "instance": null,
            "key": undefined,
            "nodeType": "host",
            "props": Object {
              "children": Array [
                <h1>
                  Home
                </h1>,
                <img
                  alt=""
                  src="test-file-stub"
                />,
              ],
            },
            "ref": null,
            "rendered": Array [
              Object {
                "instance": null,
                "key": undefined,
                "nodeType": "host",
                "props": Object {
                  "children": "Home",
                },
                "ref": null,
                "rendered": "Home",
                "type": "h1",
              },
              Object {
                "instance": null,
                "key": undefined,
                "nodeType": "host",
                "props": Object {
                  "alt": "",
                  "src": "test-file-stub",
                },
                "ref": null,
                "rendered": null,
                "type": "img",
              },
            ],
            "type": "article",
          },
          Object {
            "instance": null,
            "key": undefined,
            "nodeType": "host",
            "props": Object {
              "alt": "Felix",
              "src": "test-file-stub",
              "width": "200",
            },
            "ref": null,
            "rendered": null,
            "type": "img",
          },
        ],
        "type": "main",
      },
      Object {
        "instance": null,
        "key": undefined,
        "nodeType": "host",
        "props": Object {
          "children": <p>
            <span
              className="bt_nav"
            >
              <Link
                replace={false}
                to="/"
              >
                Home Items
              </Link>
            </span>
          </p>,
          "className": "sidebar-rigth",
        },
        "ref": null,
        "rendered": Object {
          "instance": null,
          "key": undefined,
          "nodeType": "host",
          "props": Object {
            "children": <span
              className="bt_nav"
            >
              <Link
                replace={false}
                to="/"
              >
                Home Items
              </Link>
            </span>,
          },
          "ref": null,
          "rendered": Object {
            "instance": null,
            "key": undefined,
            "nodeType": "host",
            "props": Object {
              "children": <Link
                replace={false}
                to="/"
              >
                Home Items
              </Link>,
              "className": "bt_nav",
            },
            "ref": null,
            "rendered": Object {
              "instance": null,
              "key": undefined,
              "nodeType": "class",
              "props": Object {
                "children": "Home Items",
                "replace": false,
                "to": "/",
              },
              "ref": null,
              "rendered": "Home Items",
              "type": [Function],
            },
            "type": "span",
          },
          "type": "p",
        },
        "type": "aside",
      },
      Object {
        "instance": null,
        "key": undefined,
        "nodeType": "host",
        "props": Object {
          "children": <p
            className="footer-text"
          >
            ...
          </p>,
          "className": "footer",
        },
        "ref": null,
        "rendered": Object {
          "instance": null,
          "key": undefined,
          "nodeType": "host",
          "props": Object {
            "children": "...",
            "className": "footer-text",
          },
          "ref": null,
          "rendered": "...",
          "type": "p",
        },
        "type": "footer",
      },
    ],
    "type": "div",
  },
  Symbol(enzyme.__nodes__): Array [
    Object {
      "instance": null,
      "key": undefined,
      "nodeType": "host",
      "props": Object {
        "children": Array [
          <Header
            showSearch={false}
          />,
          <Menu />,
          <main
            className="content"
          >
            <article>
              <h1>
                Home
              </h1>
              <img
                alt=""
                src="test-file-stub"
              />
            </article>
            <img
              alt="Felix"
              src="test-file-stub"
              width="200"
            />
          </main>,
          <aside
            className="sidebar-rigth"
          >
            <p>
              <span
                className="bt_nav"
              >
                <Link
                  replace={false}
                  to="/"
                >
                  Home Items
                </Link>
              </span>
            </p>
          </aside>,
          <footer
            className="footer"
          >
            <p
              className="footer-text"
            >
              ...
            </p>
          </footer>,
        ],
        "className": "grid",
      },
      "ref": null,
      "rendered": Array [
        Object {
          "instance": null,
          "key": undefined,
          "nodeType": "function",
          "props": Object {
            "showSearch": false,
          },
          "ref": null,
          "rendered": null,
          "type": [Function],
        },
        Object {
          "instance": null,
          "key": undefined,
          "nodeType": "function",
          "props": Object {},
          "ref": null,
          "rendered": null,
          "type": [Function],
        },
        Object {
          "instance": null,
          "key": undefined,
          "nodeType": "host",
          "props": Object {
            "children": Array [
              <article>
                <h1>
                  Home
                </h1>
                <img
                  alt=""
                  src="test-file-stub"
                />
              </article>,
              <img
                alt="Felix"
                src="test-file-stub"
                width="200"
              />,
            ],
            "className": "content",
          },
          "ref": null,
          "rendered": Array [
            Object {
              "instance": null,
              "key": undefined,
              "nodeType": "host",
              "props": Object {
                "children": Array [
                  <h1>
                    Home
                  </h1>,
                  <img
                    alt=""
                    src="test-file-stub"
                  />,
                ],
              },
              "ref": null,
              "rendered": Array [
                Object {
                  "instance": null,
                  "key": undefined,
                  "nodeType": "host",
                  "props": Object {
                    "children": "Home",
                  },
                  "ref": null,
                  "rendered": "Home",
                  "type": "h1",
                },
                Object {
                  "instance": null,
                  "key": undefined,
                  "nodeType": "host",
                  "props": Object {
                    "alt": "",
                    "src": "test-file-stub",
                  },
                  "ref": null,
                  "rendered": null,
                  "type": "img",
                },
              ],
              "type": "article",
            },
            Object {
              "instance": null,
              "key": undefined,
              "nodeType": "host",
              "props": Object {
                "alt": "Felix",
                "src": "test-file-stub",
                "width": "200",
              },
              "ref": null,
              "rendered": null,
              "type": "img",
            },
          ],
          "type": "main",
        },
        Object {
          "instance": null,
          "key": undefined,
          "nodeType": "host",
          "props": Object {
            "children": <p>
              <span
                className="bt_nav"
              >
                <Link
                  replace={false}
                  to="/"
                >
                  Home Items
                </Link>
              </span>
            </p>,
            "className": "sidebar-rigth",
          },
          "ref": null,
          "rendered": Object {
            "instance": null,
            "key": undefined,
            "nodeType": "host",
            "props": Object {
              "children": <span
                className="bt_nav"
              >
                <Link
                  replace={false}
                  to="/"
                >
                  Home Items
                </Link>
              </span>,
            },
            "ref": null,
            "rendered": Object {
              "instance": null,
              "key": undefined,
              "nodeType": "host",
              "props": Object {
                "children": <Link
                  replace={false}
                  to="/"
                >
                  Home Items
                </Link>,
                "className": "bt_nav",
              },
              "ref": null,
              "rendered": Object {
                "instance": null,
                "key": undefined,
                "nodeType": "class",
                "props": Object {
                  "children": "Home Items",
                  "replace": false,
                  "to": "/",
                },
                "ref": null,
                "rendered": "Home Items",
                "type": [Function],
              },
              "type": "span",
            },
            "type": "p",
          },
          "type": "aside",
        },
        Object {
          "instance": null,
          "key": undefined,
          "nodeType": "host",
          "props": Object {
            "children": <p
              className="footer-text"
            >
              ...
            </p>,
            "className": "footer",
          },
          "ref": null,
          "rendered": Object {
            "instance": null,
            "key": undefined,
            "nodeType": "host",
            "props": Object {
              "children": "...",
              "className": "footer-text",
            },
            "ref": null,
            "rendered": "...",
            "type": "p",
          },
          "type": "footer",
        },
      ],
      "type": "div",
    },
  ],
  Symbol(enzyme.__options__): Object {
    "adapter": ReactSixteenAdapter {
      "options": Object {
        "enableComponentDidUpdateOnSetState": true,
      },
    },
  },
}
`;
