// Jest Snapshot v1, https://goo.gl/fbAQLP

exports[`Unwrapped renders without crashing 1`] = `
ShallowWrapper {
  "length": 1,
  Symbol(enzyme.__root__): [Circular],
  Symbol(enzyme.__unrendered__): <HeaderSearch
    fetchSearchAsync={[Function]}
    handleSearchTermChange={[Function]}
    history={
      Object {
        "push": [Function],
      }
    }
    searchTerm=""
  />,
  Symbol(enzyme.__renderer__): Object {
    "batchedUpdates": [Function],
    "getNode": [Function],
    "render": [Function],
    "simulateEvent": [Function],
    "unmount": [Function],
  },
  Symbol(enzyme.__node__): Object {
    "instance": null,
    "key": undefined,
    "nodeType": "host",
    "props": Object {
      "children": Array [
        <form
          onSubmit={[Function]}
        >
          <input
            onChange={[Function]}
            placeholder="Search"
            tabIndex="0"
            type="text"
            value=""
          />
        </form>,
        <Link
          className="bt-search"
          replace={false}
          to="/items?search="
        >
          Buscar
        </Link>,
      ],
      "className": "box-search",
    },
    "ref": null,
    "rendered": Array [
      Object {
        "instance": null,
        "key": undefined,
        "nodeType": "host",
        "props": Object {
          "children": <input
            onChange={[Function]}
            placeholder="Search"
            tabIndex="0"
            type="text"
            value=""
          />,
          "onSubmit": [Function],
        },
        "ref": null,
        "rendered": Object {
          "instance": null,
          "key": undefined,
          "nodeType": "host",
          "props": Object {
            "onChange": [Function],
            "placeholder": "Search",
            "tabIndex": "0",
            "type": "text",
            "value": "",
          },
          "ref": null,
          "rendered": null,
          "type": "input",
        },
        "type": "form",
      },
      Object {
        "instance": null,
        "key": undefined,
        "nodeType": "class",
        "props": Object {
          "children": "Buscar",
          "className": "bt-search",
          "replace": false,
          "to": "/items?search=",
        },
        "ref": null,
        "rendered": "Buscar",
        "type": [Function],
      },
    ],
    "type": "div",
  },
  Symbol(enzyme.__nodes__): Array [
    Object {
      "instance": null,
      "key": undefined,
      "nodeType": "host",
      "props": Object {
        "children": Array [
          <form
            onSubmit={[Function]}
          >
            <input
              onChange={[Function]}
              placeholder="Search"
              tabIndex="0"
              type="text"
              value=""
            />
          </form>,
          <Link
            className="bt-search"
            replace={false}
            to="/items?search="
          >
            Buscar
          </Link>,
        ],
        "className": "box-search",
      },
      "ref": null,
      "rendered": Array [
        Object {
          "instance": null,
          "key": undefined,
          "nodeType": "host",
          "props": Object {
            "children": <input
              onChange={[Function]}
              placeholder="Search"
              tabIndex="0"
              type="text"
              value=""
            />,
            "onSubmit": [Function],
          },
          "ref": null,
          "rendered": Object {
            "instance": null,
            "key": undefined,
            "nodeType": "host",
            "props": Object {
              "onChange": [Function],
              "placeholder": "Search",
              "tabIndex": "0",
              "type": "text",
              "value": "",
            },
            "ref": null,
            "rendered": null,
            "type": "input",
          },
          "type": "form",
        },
        Object {
          "instance": null,
          "key": undefined,
          "nodeType": "class",
          "props": Object {
            "children": "Buscar",
            "className": "bt-search",
            "replace": false,
            "to": "/items?search=",
          },
          "ref": null,
          "rendered": "Buscar",
          "type": [Function],
        },
      ],
      "type": "div",
    },
  ],
  Symbol(enzyme.__options__): Object {
    "adapter": ReactSixteenAdapter {
      "options": Object {
        "enableComponentDidUpdateOnSetState": true,
      },
    },
  },
}
`;
