// Jest Snapshot v1, https://goo.gl/fbAQLP

exports[`Unwrapped renders without crashing 1`] = `
ShallowWrapper {
  "length": 1,
  Symbol(enzyme.__root__): [Circular],
  Symbol(enzyme.__unrendered__): <Items
    error={false}
    errorMsg=""
    isFetching={false}
    lastUpdate={null}
    searchTerm=""
    searchs={Array []}
  />,
  Symbol(enzyme.__renderer__): Object {
    "batchedUpdates": [Function],
    "getNode": [Function],
    "render": [Function],
    "simulateEvent": [Function],
    "unmount": [Function],
  },
  Symbol(enzyme.__node__): Object {
    "instance": null,
    "key": undefined,
    "nodeType": "host",
    "props": Object {
      "children": Array [
        <Header
          error={false}
          errorMsg=""
          isFetching={false}
          lastUpdate={null}
          searchTerm=""
          searchs={Array []}
          showSearch={true}
        />,
        <main
          className="content"
        >
          <article>
            <Link
              replace={false}
              to="/"
            >
              Home
            </Link>
            <br />
          </article>
        </main>,
      ],
      "className": "grid",
    },
    "ref": null,
    "rendered": Array [
      Object {
        "instance": null,
        "key": undefined,
        "nodeType": "function",
        "props": Object {
          "error": false,
          "errorMsg": "",
          "isFetching": false,
          "lastUpdate": null,
          "searchTerm": "",
          "searchs": Array [],
          "showSearch": true,
        },
        "ref": null,
        "rendered": null,
        "type": [Function],
      },
      Object {
        "instance": null,
        "key": undefined,
        "nodeType": "host",
        "props": Object {
          "children": <article>
            <Link
              replace={false}
              to="/"
            >
              Home
            </Link>
            <br />
          </article>,
          "className": "content",
        },
        "ref": null,
        "rendered": Object {
          "instance": null,
          "key": undefined,
          "nodeType": "host",
          "props": Object {
            "children": Array [
              <Link
                replace={false}
                to="/"
              >
                Home
              </Link>,
              <br />,
              false,
              false,
              null,
              false,
            ],
          },
          "ref": null,
          "rendered": Array [
            Object {
              "instance": null,
              "key": undefined,
              "nodeType": "class",
              "props": Object {
                "children": "Home",
                "replace": false,
                "to": "/",
              },
              "ref": null,
              "rendered": "Home",
              "type": [Function],
            },
            Object {
              "instance": null,
              "key": undefined,
              "nodeType": "host",
              "props": Object {},
              "ref": null,
              "rendered": null,
              "type": "br",
            },
            false,
            false,
            null,
            false,
          ],
          "type": "article",
        },
        "type": "main",
      },
    ],
    "type": "div",
  },
  Symbol(enzyme.__nodes__): Array [
    Object {
      "instance": null,
      "key": undefined,
      "nodeType": "host",
      "props": Object {
        "children": Array [
          <Header
            error={false}
            errorMsg=""
            isFetching={false}
            lastUpdate={null}
            searchTerm=""
            searchs={Array []}
            showSearch={true}
          />,
          <main
            className="content"
          >
            <article>
              <Link
                replace={false}
                to="/"
              >
                Home
              </Link>
              <br />
            </article>
          </main>,
        ],
        "className": "grid",
      },
      "ref": null,
      "rendered": Array [
        Object {
          "instance": null,
          "key": undefined,
          "nodeType": "function",
          "props": Object {
            "error": false,
            "errorMsg": "",
            "isFetching": false,
            "lastUpdate": null,
            "searchTerm": "",
            "searchs": Array [],
            "showSearch": true,
          },
          "ref": null,
          "rendered": null,
          "type": [Function],
        },
        Object {
          "instance": null,
          "key": undefined,
          "nodeType": "host",
          "props": Object {
            "children": <article>
              <Link
                replace={false}
                to="/"
              >
                Home
              </Link>
              <br />
            </article>,
            "className": "content",
          },
          "ref": null,
          "rendered": Object {
            "instance": null,
            "key": undefined,
            "nodeType": "host",
            "props": Object {
              "children": Array [
                <Link
                  replace={false}
                  to="/"
                >
                  Home
                </Link>,
                <br />,
                false,
                false,
                null,
                false,
              ],
            },
            "ref": null,
            "rendered": Array [
              Object {
                "instance": null,
                "key": undefined,
                "nodeType": "class",
                "props": Object {
                  "children": "Home",
                  "replace": false,
                  "to": "/",
                },
                "ref": null,
                "rendered": "Home",
                "type": [Function],
              },
              Object {
                "instance": null,
                "key": undefined,
                "nodeType": "host",
                "props": Object {},
                "ref": null,
                "rendered": null,
                "type": "br",
              },
              false,
              false,
              null,
              false,
            ],
            "type": "article",
          },
          "type": "main",
        },
      ],
      "type": "div",
    },
  ],
  Symbol(enzyme.__options__): Object {
    "adapter": ReactSixteenAdapter {
      "options": Object {
        "enableComponentDidUpdateOnSetState": true,
      },
    },
  },
}
`;
